14:53:52 **** Incremental Build of configuration Debug for project inline_assembly_1 ****
make -j12 all 
arm-none-eabi-size   inline_assembly_1.elf 
   text	   data	    bss	    dec	    hex	filename
    672	      8	   1568	   2248	    8c8	inline_assembly_1.elf
Finished building: default.size.stdout
 
14:54:00 **** Incremental Build of configuration Debug for project inline_assembly_1 ****
make -j12 all 
arm-none-eabi-size   inline_assembly_1.elf 
   text	   data	    bss	    dec	    hex	filename
    672	      8	   1568	   2248	    8c8	inline_assembly_1.elf
Finished building: default.size.stdout
 
14:55:13 **** Incremental Build of configuration Debug for project inline_assembly_1 ****
make -j12 all 
arm-none-eabi-size   inline_assembly_1.elf 
   text	   data	    bss	    dec	    hex	filename
    672	      8	   1568	   2248	    8c8	inline_assembly_1.elf
Finished building: default.size.stdout
 
14:56:04 **** Incremental Build of configuration Debug for project inline_assembly_1 ****
make -j12 all 
arm-none-eabi-size   inline_assembly_1.elf 
   text	   data	    bss	    dec	    hex	filename
    672	      8	   1568	   2248	    8c8	inline_assembly_1.elf
Finished building: default.size.stdout
 
