18:37:45 **** Incremental Build of configuration Debug for project inline_assembly_1 ****
make -j12 all 
arm-none-eabi-gcc "../Src/main.c" -mcpu=cortex-m4 -std=gnu11 -g3 -DDEBUG -DSTM32F303VCTx -DSTM32 -DSTM32F3 -DSTM32F3DISCOVERY -c -I../Inc -O0 -ffunction-sections -fdata-sections -Wall -fstack-usage -MMD -MP -MF"Src/main.d" -MT"Src/main.o" --specs=nano.specs -mfloat-abi=soft -mthumb -o "Src/main.o"
arm-none-eabi-gcc -o "inline_assembly_1.elf" @"objects.list"   -mcpu=cortex-m4 -T"G:\Git\armcortex-mx-course\workspace\inline_assembly_1\STM32F303VCTX_FLASH.ld" --specs=nosys.specs -Wl,-Map="inline_assembly_1.map" -Wl,--gc-sections -static --specs=nano.specs -mfloat-abi=soft -mthumb -Wl,--start-group -lc -lm -Wl,--end-group
Finished building target: inline_assembly_1.elf
 
arm-none-eabi-size   inline_assembly_1.elf 
arm-none-eabi-objdump -h -S  inline_assembly_1.elf  > "inline_assembly_1.list"
arm-none-eabi-objcopy  -O binary  inline_assembly_1.elf  "inline_assembly_1.bin"
   text	   data	    bss	    dec	    hex	filename
   3792	    108	   1596	   5496	   1578	inline_assembly_1.elf
Finished building: default.size.stdout
 
Finished building: inline_assembly_1.bin
 
Finished building: inline_assembly_1.list
 

18:37:45 Build Finished. 0 errors, 0 warnings. (took 549ms)

